// Jest Snapshot v1, https://goo.gl/fbAQLP

exports[`Bar chart matches Bar snapshot 1`] = `
<div
  className="container"
  role="figure"
/>
`;
