// Jest Snapshot v1, https://goo.gl/fbAQLP

exports[`Pie chart matches Pie snapshot 1`] = `
<div
  className="container"
  role="figure"
/>
`;
