// Jest Snapshot v1, https://goo.gl/fbAQLP

exports[`ScatterPlot chart matches ScatterPlot snapshot 1`] = `
<div
  className="container"
  role="figure"
/>
`;
