// Jest Snapshot v1, https://goo.gl/fbAQLP

exports[`StackLine chart matches StackLine snapshot 1`] = `
<div
  className="container"
  role="figure"
/>
`;
